// Jest Snapshot v1, https://goo.gl/fbAQLP

exports[`ProductList Component renders "No products found" message when there are no products 1`] = `
<DocumentFragment>
  <p>
    No products found
  </p>
</DocumentFragment>
`;

exports[`ProductList Component renders a list of products 1`] = `
<DocumentFragment>
  <div>
    <div>
      <h3>
        Product 1
      </h3>
      <p>
        $99.99
      </p>
      <p>
        4 Stars
      </p>
    </div>
    <div>
      <h3>
        Product 2
      </h3>
      <p>
        $149.99
      </p>
      <p>
        5 Stars
      </p>
    </div>
    <div>
      <h3>
        Product 3
      </h3>
      <p>
        $49.99
      </p>
      <p>
        3 Stars
      </p>
    </div>
  </div>
</DocumentFragment>
`;
